{
  "Name": "node19",
  "Parent": {
    "Name": "node18",
    "Parent": {
      "Name": "node17",
      "Parent": {
        "Name": "node16",
        "Parent": {
          "Name": "node15",
          "Parent": {
            "Name": "node14",
            "Parent": {
              "Name": "node13",
              "Parent": {
                "Name": "node12",
                "Parent": {
                  "Name": "node11",
                  "Parent": {
                    "Name": "node10",
                    "Parent": {
                      "Name": "node9",
                      "Parent": {
                        "Name": "node8",
                        "Parent": {
                          "Name": "node7",
                          "Parent": {
                            "Name": "node6",
                            "Parent": {
                              "Name": "node5",
                              "Parent": {
                                "Name": "node4",
                                "Parent": {
                                  "Name": "node3",
                                  "Parent": {
                                    "Name": "node2",
                                    "Parent": {
                                      "Name": "node1",
                                      "Parent": {
                                        "Name": "node0",
                                        "Parent": {
                                          "Name": "leaf",
                                          "Parent": null
                                        }
                                      }
                                    }
                                  }
                                }
                              }
                            }
                          }
                        }
                      }
                    }
                  }
                }
              }
            }
          }
        }
      }
    }
  }
}